<html>
<body>
<pre>
<h1>µVision Build Log</h1>
<h2>Tool Versions:</h2>
IDE-Version: ¦ÌVision V5.28.0.0
Copyright (C) 2019 ARM Ltd and ARM Germany GmbH. All rights reserved.
License Information: 123 123, 123, LIC=Q7GX7-EDW6P-9Z0WW-QYC1T-4PU17-YHZRS
 
Tool Versions:
Toolchain:       MDK-ARM Professional  Version: 5.28.0.0
Toolchain Path:  F:\MDK\ARM\ARMCLANG\Bin
C Compiler:      ArmClang.exe V6.12
Assembler:       Armasm.exe V6.12
Linker/Locator:  ArmLink.exe V6.12
Library Manager: ArmAr.exe V6.12
Hex Converter:   FromElf.exe V6.12
CPU DLL:         SARMCM3.DLL V5.28.0.0
Dialog DLL:      DCM.DLL V1.17.3.0
Target DLL:      STLink\ST-LINKIII-KEIL_SWO.dll V3.0.6.0
Dialog DLL:      TCM.DLL V1.36.2.0
 
<h2>Project:</h2>
D:\µçÈüGitHub´úÂë²Ö¿â\2019-8-7\ACFly EDU 20190603(ctrl)-publish\ACFly EDU.uvprojx
Project File Date:  07/18/2019

<h2>Output:</h2>
*** Using Compiler 'V6.12', folder: 'F:\MDK\ARM\ARMCLANG\Bin'
Rebuild target 'Target 1'
assembling startup_TM4C123.s...
compiling drv_uDMA.c...
compiling drv_main.c...
compiling drv_LED.c...
compiling USB_def.c...
compiling drv_PWMOut.c...
compiling system_TM4C123.c...
compiling drv_OLED.c...
compiling drv_USB.c...
compiling oledfont.c...
compiling drv_Ultrasonic.c...
compiling drv_EEPROM.c...
compiling drv_OpticalFlow.c...
compiling main.c...
compiling drv_GPS.c...
compiling Basic.c...
compiling drv_Uart2.c...
compiling Receiver.c...
compiling drv_Receiver.c...
compiling drv_SDI.c...
compiling drv_Uart7.c...
compiling drv_Sensors.c...
compiling vector_3.c...
compiling Sensors.c...
compiling Quaternion.c...
compiling STS.c...
compiling drv_ADC.c...
compiling OLED_Screens.c...
compiling Filters_Butter.c...
compiling Modes.c...
compiling M00_init.c...
compiling M01_Ground.c...
compiling Mavlink.c...
compiling MS_main.c...
compiling Configurations.c...
compiling M30_Att.c...
compiling Ctrl_main.c...
compiling M32_PosCtrl.c...
compiling MavlinkSendFuncs.c...
compiling M35_Auto1.c...
compiling Debug.c...
compiling MavlinkCMDProcess.c...
compiling MavlinkRCProcess.c...
compiling M15_HorizontalCalib.c...
compiling M10_RCCalib.c...
compiling CommuLink.c...
compiling M12_AccCalib.c...
compiling M13_MagCalib.c...
compiling ctrl_Position.c...
compiling ctrl_Attitude.c...
linking...
Program Size: Code=176848 RO-data=19160 RW-data=1644 ZI-data=28308  
FromELF: creating hex file...
".\Objects\ACFly EDU.axf" - 0 Error(s), 0 Warning(s).

<h2>Software Packages used:</h2>

Package Vendor: ARM
                http://www.keil.com/pack/ARM.CMSIS.5.5.1.pack
                ARM.CMSIS.5.5.1
                CMSIS (Cortex Microcontroller Software Interface Standard)
   * Component: CORE Version: 5.2.0
   * Component: DSP Variant: Library Version: 1.6.0

Package Vendor: Keil
                http://www.keil.com/pack/Keil.TM4C_DFP.1.1.0.pack
                Keil.TM4C_DFP.1.1.0
                Texas Instruments Tiva C Series Device Support and Examples

<h2>Collection of Component include folders:</h2>
  .\RTE\_Target_1
  F:\MDK\Arm\Packs\ARM\CMSIS\5.5.1\CMSIS\Core\Include
  F:\MDK\Arm\Packs\ARM\CMSIS\5.5.1\CMSIS\DSP\Include
  F:\MDK\Arm\Packs\Keil\TM4C_DFP\1.1.0\Device\Include\TM4C123

<h2>Collection of Component Files used:</h2>

   * Component: ARM::CMSIS:CORE:5.2.0

   * Component: ARM::CMSIS:DSP:Library:1.6.0
      Library file:  CMSIS\DSP\Lib\ARM\arm_cortexM4lf_math.lib
      Include file:  CMSIS\DSP\Include\arm_math.h
Build Time Elapsed:  00:00:04
</pre>
</body>
</html>
